root@blrlrnd3003:~/fallback-5/service-deployment-manager# git status
On branch fallbackFeature
Your branch is up to date with 'origin/fallbackFeature'.

nothing to commit, working tree clean
root@blrlrnd3003:~/fallback-5/service-deployment-manager# git branch
  develop
* fallbackFeature
root@blrlrnd3003:~/fallback-5/service-deployment-manager# git fetch
Username for 'https://rndwww.nce.amadeus.net': srajanna
Password for 'https://srajanna@rndwww.nce.amadeus.net': 
remote: Counting objects: 38, done.
remote: Compressing objects: 100% (30/30), done.
remote: Total 38 (delta 3), reused 15 (delta 0)
Unpacking objects: 100% (38/38), done.
From https://rndwww.nce.amadeus.net/git/scm/~srajanna/service-deployment-manager
   b1a83b6..512aefa  develop    -> origin/develop
root@blrlrnd3003:~/fallback-5/service-deployment-manager# git checkout develop
Switched to branch 'develop'
Your branch is behind 'origin/develop' by 5 commits, and can be fast-forwarded.
  (use "git pull" to update your local branch)
root@blrlrnd3003:~/fallback-5/service-deployment-manager# git pull
Username for 'https://rndwww.nce.amadeus.net': srajanna
Password for 'https://srajanna@rndwww.nce.amadeus.net': 
Updating b1a83b6..512aefa
Fast-forward
 flog/httpd/README.md                                                                                   |    3 +-
 flog/httpd/angular.json                                                                                |    9 +-
 flog/httpd/package-lock.json                                                                           | 3097 +++++++++++++++++++++++++++++++++++++++++++++++++++-----------------------------------------
 flog/httpd/package.json                                                                                |    6 +-
 flog/httpd/src/app/app-routing.module.ts                                                               |    2 +-
 flog/httpd/src/app/app.component.html                                                                  |   10 +-
 flog/httpd/src/app/app.module.ts                                                                       |    7 +-
 flog/httpd/src/app/log/log.component.html                                                              |   77 ++-
 flog/httpd/src/app/log/log.component.ts                                                                |  102 ++-
 flog/httpd/src/app/redirect/redirect.component.ts                                                      |    2 +-
 flog/httpd/src/favicon.ico                                                                             |  Bin 5430 -> 2944 bytes
 flog/httpd/src/styles.sass                                                                             |    1 -
 flog/httpd/src/{custom-theme.scss => styles.scss}                                                      |   44 +-
 service/service-its/src/test/java/com/amadeus/swb/services/deployment/manager/test/DeploymentTest.java |    4 +-
 14 files changed, 1905 insertions(+), 1459 deletions(-)
 delete mode 100644 flog/httpd/src/styles.sass
 rename flog/httpd/src/{custom-theme.scss => styles.scss} (57%)
root@blrlrnd3003:~/fallback-5/service-deployment-manager# git checkout fallbackFeature
Switched to branch 'fallbackFeature'
Your branch is up to date with 'origin/fallbackFeature'.
root@blrlrnd3003:~/fallback-5/service-deployment-manager# git merge develop
Auto-merging service/service-its/src/test/java/com/amadeus/swb/services/deployment/manager/test/DeploymentTest.java
CONFLICT (content): Merge conflict in service/service-its/src/test/java/com/amadeus/swb/services/deployment/manager/test/DeploymentTest.java
Auto-merging flog/httpd/src/styles.scss
Removing flog/httpd/src/styles.sass
Automatic merge failed; fix conflicts and then commit the result.
root@blrlrnd3003:~/fallback-5/service-deployment-manager# git status
On branch fallbackFeature
Your branch is up to date with 'origin/fallbackFeature'.

You have unmerged paths.
  (fix conflicts and run "git commit")
  (use "git merge --abort" to abort the merge)

Changes to be committed:

	modified:   flog/httpd/README.md
	modified:   flog/httpd/angular.json
	modified:   flog/httpd/package-lock.json
	modified:   flog/httpd/package.json
	modified:   flog/httpd/src/app/app-routing.module.ts
	modified:   flog/httpd/src/app/app.component.html
	modified:   flog/httpd/src/app/app.module.ts
	modified:   flog/httpd/src/app/log/log.component.html
	modified:   flog/httpd/src/app/log/log.component.ts
	modified:   flog/httpd/src/app/redirect/redirect.component.ts
	modified:   flog/httpd/src/favicon.ico
	deleted:    flog/httpd/src/styles.sass
	renamed:    flog/httpd/src/custom-theme.scss -> flog/httpd/src/styles.scss

Unmerged paths:
  (use "git add <file>..." to mark resolution)

	both modified:   service/service-its/src/test/java/com/amadeus/swb/services/deployment/manager/test/DeploymentTest.java

root@blrlrnd3003:~/fallback-5/service-deployment-manager# git add service/service-its/src/test/java/com/amadeus/swb/services/deployment/manager/test/DeploymentTest.java
root@blrlrnd3003:~/fallback-5/service-deployment-manager# git status
On branch fallbackFeature
Your branch is up to date with 'origin/fallbackFeature'.

All conflicts fixed but you are still merging.
  (use "git commit" to conclude merge)

Changes to be committed:

	modified:   flog/httpd/README.md
	modified:   flog/httpd/angular.json
	modified:   flog/httpd/package-lock.json
	modified:   flog/httpd/package.json
	modified:   flog/httpd/src/app/app-routing.module.ts
	modified:   flog/httpd/src/app/app.component.html
	modified:   flog/httpd/src/app/app.module.ts
	modified:   flog/httpd/src/app/log/log.component.html
	modified:   flog/httpd/src/app/log/log.component.ts
	modified:   flog/httpd/src/app/redirect/redirect.component.ts
	modified:   flog/httpd/src/favicon.ico
	deleted:    flog/httpd/src/styles.sass
	renamed:    flog/httpd/src/custom-theme.scss -> flog/httpd/src/styles.scss
	modified:   service/service-its/src/test/java/com/amadeus/swb/services/deployment/manager/test/DeploymentTest.java

root@blrlrnd3003:~/fallback-5/service-deployment-manager# git merge --continue
[fallbackFeature 20888b5] Merge branch 'develop' into fallbackFeature
root@blrlrnd3003:~/fallback-5/service-deployment-manager# git status
On branch fallbackFeature
Your branch is ahead of 'origin/fallbackFeature' by 6 commits.
  (use "git push" to publish your local commits)

nothing to commit, working tree clean
root@blrlrnd3003:~/fallback-5/service-deployment-manager# git push
Username for 'https://rndwww.nce.amadeus.net': srajanna
Password for 'https://srajanna@rndwww.nce.amadeus.net': 
Counting objects: 15, done.
Delta compression using up to 8 threads.
Compressing objects: 100% (8/8), done.
Writing objects: 100% (15/15), 1006 bytes | 335.00 KiB/s, done.
Total 15 (delta 5), reused 0 (delta 0)
remote: 
remote: View pull request for fallbackFeature => develop:
remote:   https://rndwww.nce.amadeus.net/git/projects/DEMA/repos/service-deployment-manager/pull-requests/134
remote: 
To https://rndwww.nce.amadeus.net/git/scm/~srajanna/service-deployment-manager.git
   83662ae..20888b5  fallbackFeature -> fallbackFeature
